exports[`Clock renders 1`] = `
<View
  accessibilityComponentType={undefined}
  accessibilityLabel={undefined}
  accessibilityTraits={undefined}
  accessible={true}
  hitSlop={undefined}
  onLayout={undefined}
  onResponderGrant={[Function]}
  onResponderMove={[Function]}
  onResponderRelease={[Function]}
  onResponderTerminate={[Function]}
  onResponderTerminationRequest={[Function]}
  onStartShouldSetResponder={[Function]}
  style={
    Object {
      "height": 106.5,
      "opacity": 1,
    }
  }
  testID={undefined}>
  <View
    style={
      Array [
        Object {
          "alignSelf": "flex-start",
          "borderColor": "red",
          "borderWidth": 1,
        },
        Array [
          Object {
            "backgroundColor": "transparent",
          },
          Object {
            "position": "absolute",
          },
          false,
          Object {
            "flex": 0,
            "height": 106.5,
            "width": 106.5,
          },
        ],
      ]
    }>
    <Circle
      cx={53.25}
      cy={53.25}
      fill="orange"
      fillOpacity="1"
      r={52}
      stroke="#728c00"
      strokeWidth={2.5} />
    <View
      style={Object {}}>
      <View
        style={
          Array [
            Object {
              "alignSelf": "flex-start",
              "borderColor": "red",
              "borderWidth": 1,
            },
            Array [
              Object {
                "backgroundColor": "transparent",
              },
              Object {
                "position": "absolute",
              },
              false,
              Object {
                "flex": 0,
                "height": 106.5,
                "width": 106.5,
              },
            ],
          ]
        }>
        <Circle
          cx={53.25}
          cy={53.25}
          fill="#e5efe3"
          fillOpacity="1"
          r={52}
          stroke="#728c00"
          strokeWidth={2.5} />
      </View>
    </View>
  </View>
  <View
    style={
      Object {
        "transform": Array [
          Object {
            "rotate": "0deg",
          },
        ],
      }
    }>
    <View
      style={
        Array [
          Object {
            "alignSelf": "flex-start",
            "borderColor": "red",
            "borderWidth": 1,
          },
          Array [
            Object {
              "backgroundColor": "transparent",
            },
            undefined,
            false,
            Object {
              "flex": 0,
              "height": 104,
              "width": 104,
            },
          ],
        ]
      }>
      <Line
        stroke="brown"
        strokeLinecap="round"
        strokeWidth={5}
        x1={52}
        x2={52}
        y1={10.4}
        y2={52} />
    </View>
  </View>
</View>
`;
